Microchip MPLAB XC8 Compiler V2.40

Linker command line:

-W-3 \
  --edf=E:\Program Files\Microchip\xc8\v2.40\pic\dat\20220703182018_en.msgs \
  -cn \
  -h+dist/default/production\Serial-Port-Expander---UART-to-SPI-UART.production.sym \
  --cmf=dist/default/production\Serial-Port-Expander---UART-to-SPI-UART.production.cmf \
  -z -Q18F46K22 -oC:\Users\eder0\AppData\Local\Temp\xcAscmo.4 \
  --defsym=__MPLAB_BUILD=1 --fixupoverflow=error \
  -Mdist/default/production/Serial-Port-Expander---UART-to-SPI-UART.production.map \
  --md=C:\Users\eder0\AppData\Local\Temp\xcAscmo.dat -E1 -ver=XC8 Compiler \
  --acfsm=1493 -ACODE=00h-0FFFFh -ACONST=00h-0FFFFh \
  -ASMALLCONST=01000h-010FFhx240 -AMEDIUMCONST=01000h-0FFFFh \
  -ACOMRAM=01h-05Fh -AABS1=00h-0F37h -ABIGRAM=01h-0F37h \
  -ARAM=060h-0FFh,0100h-01FFhx14,0F00h-0F37h -ABANK0=060h-0FFh \
  -ABANK1=0100h-01FFh -ABANK2=0200h-02FFh -ABANK3=0300h-03FFh \
  -ABANK4=0400h-04FFh -ABANK5=0500h-05FFh -ABANK6=0600h-06FFh \
  -ABANK7=0700h-07FFh -ABANK8=0800h-08FFh -ABANK9=0900h-09FFh \
  -ABANK10=0A00h-0AFFh -ABANK11=0B00h-0BFFh -ABANK12=0C00h-0CFFh \
  -ABANK13=0D00h-0DFFh -ABANK14=0E00h-0EFFh -ABANK15=0F00h-0F37h \
  -ASFR=0F38h-0F5Fh,0F60h-0FFFh -ABIGSFR=0F38h-0FFFh \
  -ACONFIG=0300000h-030000Dh -AIDLOC=0200000h-0200007h \
  -AEEDATA=0F00000h-0F003FFh -peeprom_data=EEDATA \
  -preset_vec=00h,intcode=08h,intcodelo,powerup,init -pramtop=01000h \
  -psmallconst=SMALLCONST -pmediumconst=MEDIUMCONST -pconst=CONST \
  -AFARRAM=00h-00h \
  -prdata=COMRAM,nvrram=COMRAM,nvbit=COMRAM,rbss=COMRAM,rbit=COMRAM \
  -pfarbss=FARRAM,fardata=FARRAM,nvFARRAM=FARRAM \
  -pintsave_regs=BIGRAM,bigbss=BIGRAM,bigdata=BIGRAM -pbss=RAM \
  -pidata=CODE,irdata=CODE,ibigdata=CODE,ifardata=CODE -prparam=COMRAM \
  C:\Users\eder0\AppData\Local\Temp\xcAscmo.o \
  dist/default/production\Serial-Port-Expander---UART-to-SPI-UART.production.o 

Object code version is 3.11

Machine type is 18F46K22



                Name                               Link     Load   Length Selector   Space Scale
C:\Users\eder0\AppData\Local\Temp\xcAscmo.o
                idloc                            200000   200000        8        0       5
                config                           300000   300000        E        0       4
                init                                 DE       DE        4        4       0
                reset_vec                             0        0        4        0       0
dist/default/production\Serial-Port-Expander---UART-to-SPI-UART.production.o
                intcode                               8        8       D6        4       0
                idloc                            200000   200000        8        0       5
                config                           300000   300000        E        0       4
                temp                                 4F       4F        1        1       1
                text11                              80A      80A        6      3FA       0
                text10                              776      776       28        4       0
                text9                               720      720       2E        4       0
                text8                               74E      74E       28        4       0
                text7                               7BC      7BC       1C        4       0
                text6                               524      524       C2        4       0
                text5                               6F0      6F0       30        4       0
                text4                               6BC      6BC       34        4       0
                text3                               79E      79E       1E        4       0
                text2                               7F4      7F4       16      3FA       0
                text1                               462      462       C2        4       0
                text0                                E2       E2      380        4       0
                cstackCOMRAM                         3C       3C       11        1       1
                dataBANK0                            60       60       7C       60       1
                dataCOMRAM                           21       21       1B        1       1
                bssCOMRAM                             1        1       20        1       1
                cinit                               662      662       5A        4       0
                nvCOMRAM                             4D       4D        2        1       1
                idataBANK0                          5E6      5E6       7C        4       0
                idataCOMRAM                         7D8      7D8       1B        4       0

TOTAL           Name                               Link     Load   Length     Space
        CLASS   CODE           
                intcode                               8        8       D6         0
                init                                 DE       DE        4         0
                reset_vec                             0        0        4         0
                text11                              80A      80A        6         0
                text10                              776      776       28         0
                text9                               720      720       2E         0
                text8                               74E      74E       28         0
                text7                               7BC      7BC       1C         0
                text6                               524      524       C2         0
                text5                               6F0      6F0       30         0
                text4                               6BC      6BC       34         0
                text3                               79E      79E       1E         0
                text2                               7F4      7F4       16         0
                text1                               462      462       C2         0
                text0                                E2       E2      380         0
                cinit                               662      662       5A         0
                idataBANK0                          5E6      5E6       7C         0
                idataCOMRAM                         7D8      7D8       1B         0

        CLASS   CONST          

        CLASS   SMALLCONST     

        CLASS   MEDIUMCONST    

        CLASS   COMRAM         
                temp                                 4F       4F        1         1
                cstackCOMRAM                         3C       3C       11         1
                dataCOMRAM                           21       21       1B         1
                bssCOMRAM                             1        1       20         1
                nvCOMRAM                             4D       4D        2         1

        CLASS   ABS1           

        CLASS   BIGRAM         

        CLASS   RAM            

        CLASS   BANK0          
                dataBANK0                            60       60       7C         1

        CLASS   BANK1          

        CLASS   BANK2          

        CLASS   BANK3          

        CLASS   BANK4          

        CLASS   BANK5          

        CLASS   BANK6          

        CLASS   BANK7          

        CLASS   BANK8          

        CLASS   BANK9          

        CLASS   BANK10         

        CLASS   BANK11         

        CLASS   BANK12         

        CLASS   BANK13         

        CLASS   BANK14         

        CLASS   BANK15         

        CLASS   SFR            

        CLASS   BIGSFR         

        CLASS   CONFIG         
                config                           300000   300000        E         4

        CLASS   IDLOC          
                idloc                            200000   200000        8         5

        CLASS   EEDATA         

        CLASS   FARRAM         

        CLASS   HEAP           

        CLASS   STACK          



SEGMENTS        Name                           Load    Length   Top    Selector   Space  Class

                reset_vec                      000000  000004  000004         0       0  CODE    
                bssCOMRAM                      000001  00004F  000050         1       1  COMRAM  
                intcode                        000008  0007EB  0007F3         4       0  CODE    
                dataBANK0                      000060  00007C  0000DC        60       1  BANK0   
                text2                          0007F4  00001C  000810       3FA       0  CODE    


UNUSED ADDRESS RANGES

        Name                Unused          Largest block    Delta
        BANK0            0000DC-0000FF               24
        BANK1            000100-0001FF              100
        BANK10           000A00-000AFF              100
        BANK11           000B00-000BFF              100
        BANK12           000C00-000CFF              100
        BANK13           000D00-000DFF              100
        BANK14           000E00-000EFF              100
        BANK15           000F00-000F37               38
        BANK2            000200-0002FF              100
        BANK3            000300-0003FF              100
        BANK4            000400-0004FF              100
        BANK5            000500-0005FF              100
        BANK6            000600-0006FF              100
        BANK7            000700-0007FF              100
        BANK8            000800-0008FF              100
        BANK9            000900-0009FF              100
        BIGRAM           000050-00005F               10
                         0000DC-000F37              E5C
        BIGSFR           000F38-000FFF               C8
        CODE             000004-000007                4
                         0007F3-0007F3                1
                         000810-00FFFF             F7F0
        COMRAM           000050-00005F               10
        CONST            000004-000007                4
                         0007F3-0007F3                1
                         000810-00FFFF             F7F0
        EEDATA           F00000-F003FF              400
        MEDIUMCONST      001000-00FFFF             F000
        RAM              0000DC-000F37              100
        SFR              000F38-000FFF               28
        SMALLCONST       001000-00FFFF              100

                                  Symbol Table

_ADCON0                           (abs)        000FC2
_ANSELA                           (abs)        000F38
_ANSELB                           (abs)        000F39
_ANSELC                           (abs)        000F3A
_ANSELD                           (abs)        000F3B
_ANSELE                           (abs)        000F3C
_BAUDCON1bits                     (abs)        000FB8
_BAUDCON2bits                     (abs)        000F70
_CM1CON0bits                      (abs)        000F79
_CM2CON0bits                      (abs)        000F78
_INTCON                           (abs)        000FF2
_INTCONbits                       (abs)        000FF2
_IPEN                             (abs)        007E87
_LATA                             (abs)        000F89
_LATAbits                         (abs)        000F89
_LATBbits                         (abs)        000F8A
_LATD                             (abs)        000F8C
_PIE1bits                         (abs)        000F9D
_PIR1bits                         (abs)        000F9E
_PIR3bits                         (abs)        000FA4
_RCREG1                           (abs)        000FAE
_RCSTA1bits                       (abs)        000FAB
_RCSTA2bits                       (abs)        000F71
_SPBRG1                           (abs)        000FAF
_SPBRG2                           (abs)        000F75
_SPBRGH1                          (abs)        000FB0
_SPBRGH2                          (abs)        000F76
_SSP1ADD                          (abs)        000FC8
_SSP1BUF                          (abs)        000FC9
_SSP1CON1bits                     (abs)        000FC6
_SSP1STATbits                     (abs)        000FC7
_TRISAbits                        (abs)        000F92
_TRISBbits                        (abs)        000F93
_TRISCbits                        (abs)        000F94
_TRISD                            (abs)        000F95
_TRISDbits                        (abs)        000F95
_TXREG1                           (abs)        000FAD
_TXREG2                           (abs)        000F73
_TXSTA1bits                       (abs)        000FAC
_TXSTA2bits                       (abs)        000F72
_UART_ISR                         intcode      000008
__HRAM                            (abs)        000000
__Habs1                           abs1         000000
__Hbank0                          bank0        000000
__Hbank1                          bank1        000000
__Hbank10                         bank10       000000
__Hbank11                         bank11       000000
__Hbank12                         bank12       000000
__Hbank13                         bank13       000000
__Hbank14                         bank14       000000
__Hbank15                         bank15       000000
__Hbank2                          bank2        000000
__Hbank3                          bank3        000000
__Hbank4                          bank4        000000
__Hbank5                          bank5        000000
__Hbank6                          bank6        000000
__Hbank7                          bank7        000000
__Hbank8                          bank8        000000
__Hbank9                          bank9        000000
__Hbigbss                         bigbss       000000
__Hbigdata                        bigdata      000000
__Hbigram                         bigram       000000
__Hbigsfr                         bigsfr       000000
__Hbss                            bss          000000
__HbssCOMRAM                      bssCOMRAM    000000
__Hcinit                          cinit        000000
__Hclrtext                        clrtext      000000
__Hcomram                         comram       000000
__Hconfig                         config       30000E
__Hconst                          const        000000
__HcstackCOMRAM                   cstackCOMRAM 000000
__Hdata                           data         000000
__HdataBANK0                      dataBANK0    000000
__HdataCOMRAM                     dataCOMRAM   000000
__Heeprom_data                    eeprom_data  000000
__Hfarbss                         farbss       000000
__Hfardata                        fardata      000000
__Hheap                           heap         000000
__Hibigdata                       ibigdata     000000
__Hidata                          idata        000000
__HidataBANK0                     idataBANK0   000000
__HidataCOMRAM                    idataCOMRAM  000000
__Hidloc                          idloc        200008
__Hifardata                       ifardata     000000
__Hinit                           init         0000E2
__Hintcode                        intcode      0000DE
__Hintcode_body                   intcode_body 000000
__Hintcodelo                      intcodelo    0000DE
__Hintentry                       intentry     000000
__Hintret                         intret       000000
__Hintsave_regs                   intsave_regs 000000
__Hirdata                         irdata       000000
__Hmediumconst                    mediumconst  000000
__HnvCOMRAM                       nvCOMRAM     000000
__HnvFARRAM                       nvFARRAM     000000
__Hnvbit                          nvbit        000000
__Hnvrram                         nvrram       000000
__Hparam                          rparam       000000
__Hpowerup                        powerup      0000DE
__Hram                            ram          000000
__Hramtop                         ramtop       001000
__Hrbit                           rbit         000000
__Hrbss                           rbss         000000
__Hrdata                          rdata        000000
__Hreset_vec                      reset_vec    000004
__Hrparam                         rparam       000000
__Hsfr                            sfr          000000
__Hsmallconst                     smallconst   000000
__Hspace_0                        (abs)        001000
__Hspace_1                        (abs)        0000DC
__Hspace_2                        (abs)        000000
__Hspace_4                        (abs)        60000E
__Hstack                          stack        000000
__Hstruct                         struct       000000
__Htemp                           temp         000050
__Htext                           text         000000
__Htext0                          text0        000000
__Htext1                          text1        000000
__Htext10                         text10       000000
__Htext11                         text11       000000
__Htext2                          text2        000000
__Htext3                          text3        000000
__Htext4                          text4        000000
__Htext5                          text5        000000
__Htext6                          text6        000000
__Htext7                          text7        000000
__Htext8                          text8        000000
__Htext9                          text9        000000
__LRAM                            (abs)        000001
__Labs1                           abs1         000000
__Lbank0                          bank0        000000
__Lbank1                          bank1        000000
__Lbank10                         bank10       000000
__Lbank11                         bank11       000000
__Lbank12                         bank12       000000
__Lbank13                         bank13       000000
__Lbank14                         bank14       000000
__Lbank15                         bank15       000000
__Lbank2                          bank2        000000
__Lbank3                          bank3        000000
__Lbank4                          bank4        000000
__Lbank5                          bank5        000000
__Lbank6                          bank6        000000
__Lbank7                          bank7        000000
__Lbank8                          bank8        000000
__Lbank9                          bank9        000000
__Lbigbss                         bigbss       000000
__Lbigdata                        bigdata      000000
__Lbigram                         bigram       000000
__Lbigsfr                         bigsfr       000000
__Lbss                            bss          000000
__LbssCOMRAM                      bssCOMRAM    000000
__Lcinit                          cinit        000000
__Lclrtext                        clrtext      000000
__Lcomram                         comram       000000
__Lconfig                         config       000000
__Lconst                          const        000000
__LcstackCOMRAM                   cstackCOMRAM 000000
__Ldata                           data         000000
__LdataBANK0                      dataBANK0    000000
__LdataCOMRAM                     dataCOMRAM   000000
__Leeprom_data                    eeprom_data  000000
__Lfarbss                         farbss       000000
__Lfardata                        fardata      000000
__Lheap                           heap         000000
__Libigdata                       ibigdata     000000
__Lidata                          idata        000000
__LidataBANK0                     idataBANK0   000000
__LidataCOMRAM                    idataCOMRAM  000000
__Lidloc                          idloc        000000
__Lifardata                       ifardata     000000
__Linit                           init         0000DE
__Lintcode                        intcode      000008
__Lintcode_body                   intcode_body 000000
__Lintcodelo                      intcodelo    0000DE
__Lintentry                       intentry     000000
__Lintret                         intret       000000
__Lintsave_regs                   intsave_regs 000000
__Lirdata                         irdata       000000
__Lmediumconst                    mediumconst  000000
__LnvCOMRAM                       nvCOMRAM     000000
__LnvFARRAM                       nvFARRAM     000000
__Lnvbit                          nvbit        000000
__Lnvrram                         nvrram       000000
__Lparam                          rparam       000000
__Lpowerup                        powerup      0000DE
__Lram                            ram          000000
__Lramtop                         ramtop       001000
__Lrbit                           rbit         000000
__Lrbss                           rbss         000000
__Lrdata                          rdata        000000
__Lreset_vec                      reset_vec    000000
__Lrparam                         rparam       000000
__Lsfr                            sfr          000000
__Lsmallconst                     smallconst   000000
__Lspace_0                        (abs)        000000
__Lspace_1                        (abs)        000000
__Lspace_2                        (abs)        000000
__Lspace_4                        (abs)        000000
__Lstack                          stack        000000
__Lstruct                         struct       000000
__Ltemp                           temp         00004F
__Ltext                           text         000000
__Ltext0                          text0        000000
__Ltext1                          text1        000000
__Ltext10                         text10       000000
__Ltext11                         text11       000000
__Ltext2                          text2        000000
__Ltext3                          text3        000000
__Ltext4                          text4        000000
__Ltext5                          text5        000000
__Ltext6                          text6        000000
__Ltext7                          text7        000000
__Ltext8                          text8        000000
__Ltext9                          text9        000000
__S0                              (abs)        000810
__S1                              (abs)        0000DC
__S4                              (abs)        000000
__S5                              (abs)        000000
___heap_hi                        (abs)        000000
___heap_lo                        (abs)        000000
___inthi_sp                       stack        000000
___intlo_sp                       stack        000000
___param_bank                     (abs)        000000
___rparam_used                    (abs)        000001
___sp                             stack        000000
__accesstop                       (abs)        000060
__activetblptr                    (abs)        000002
__end_of_UART_ISR                 intcode      0000DE
__end_of__initialization          cinit        0006AE
__end_of_debug_leds_off           text11       000810
__end_of_gpio_init                text9        00074E
__end_of_high_beams_off           text10       00079E
__end_of_high_beams_on            text8        000776
__end_of_main                     text0        000462
__end_of_rx1_overrun_detect_reset text7        0007D8
__end_of_spi_data                 text6        0005E6
__end_of_spi_master_init          text5        000720
__end_of_tx1                      text3        0007BC
__end_of_tx2                      text2        00080A
__end_of_uart_init                text4        0006F0
__end_of_uart_wr_str              text1        000524
__initialization                  cinit        000662
__mediumconst                     mediumconst  000000
__pbssCOMRAM                      bssCOMRAM    000001
__pcinit                          cinit        000662
__pcstackCOMRAM                   cstackCOMRAM 00003C
__pdataBANK0                      dataBANK0    000060
__pdataCOMRAM                     dataCOMRAM   000021
__pidataBANK0                     idataBANK0   0005E6
__pidataCOMRAM                    idataCOMRAM  0007D8
__pintcode                        intcode      000008
__pnvCOMRAM                       nvCOMRAM     00004D
__ptext0                          text0        0000E2
__ptext1                          text1        000462
__ptext10                         text10       000776
__ptext11                         text11       00080A
__ptext2                          text2        0007F4
__ptext3                          text3        00079E
__ptext4                          text4        0006BC
__ptext5                          text5        0006F0
__ptext6                          text6        000524
__ptext7                          text7        0007BC
__ptext8                          text8        00074E
__ptext9                          text9        000720
__ramtop                          ramtop       001000
__smallconst                      smallconst   000000
_act_buttons                      bssCOMRAM    000018
_arrow_buttons                    bssCOMRAM    000014
_aux_buttons                      bssCOMRAM    000008
_classic_ctrl                     bssCOMRAM    000001
_debouncing_counter               bssCOMRAM    00001F
_debouncing_flag                  dataCOMRAM   00003B
_debug_leds_off                   text11       00080A
_demuxed_controller_signals       bssCOMRAM    00001E
_gpio_init                        text9        000720
_high_beams_off                   text10       000776
_high_beams_on                    text8        00074E
_instructions1                    dataBANK0    0000B7
_instructions2                    dataBANK0    000090
_instructions3                    dataBANK0    000060
_main                             text0        0000E2
_recording_on                     bssCOMRAM    00001C
_rx1_overrun_detect_reset         text7        0007BC
_rx_char                          bssCOMRAM    00001D
_rx_str_interrupt                 nvCOMRAM     00004D
_servo_controller_tx              bssCOMRAM    000020
_shoulder_buttons                 bssCOMRAM    00000E
_spi_data                         text6        000524
_spi_master_init                  text5        0006F0
_text1                            dataCOMRAM   000021
_tx1                              text3        00079E
_tx2                              text2        0007F4
_uart_init                        text4        0006BC
_uart_wr_str                      text1        000462
_wii_classic_packet               dataCOMRAM   000031
btemp                             temp         00004F
end_of_initialization             cinit        0006AE
int$flags                         temp         00004F
intlevel0                         text         000000
intlevel1                         text         000000
intlevel2                         text         000000
intlevel3                         text         000000
isa$std                           (abs)        000001
isa$xinst                         (abs)        000000
spi_data@data_read                cstackCOMRAM 000043
spi_data@device                   cstackCOMRAM 000044
spi_data@tx_data                  cstackCOMRAM 000042
stackhi                           (abs)        000000
stacklo                           (abs)        000000
start                             init         0000DE
start_initialization              cinit        000662
ttemp5                            temp         000050
ttemp6                            temp         000053
ttemp7                            temp         000057
tx1@data1                         cstackCOMRAM 000042
tx2@data2                         cstackCOMRAM 000042
uart_wr_str@port                  cstackCOMRAM 000047
uart_wr_str@str                   cstackCOMRAM 000043
wtemp8                            temp         000050


MODULE INFORMATION

Module		Function		Class		Link	Load	Size
uart.c
		_uart_wr_str   		CODE           	0462	0000	194
		_tx2           		CODE           	07F4	0000	22
		_rx1_overrun_detect_reset		CODE           	07BC	0000	28
		_uart_init     		CODE           	06BC	0000	52
		_UART_ISR      		CODE           	0008	0000	214
		_tx1           		CODE           	079E	0000	30

uart.c estimated size: 540

spi_master.c
		_spi_master_init		CODE           	06F0	0000	48
		_spi_data      		CODE           	0524	0000	194

spi_master.c estimated size: 242

shared
		__initialization		CODE           	0662	0000	76

shared estimated size: 76

gpio.c
		_high_beams_on 		CODE           	074E	0000	40
		_debug_leds_off		CODE           	080A	0000	6
		_high_beams_off		CODE           	0776	0000	40
		_gpio_init     		CODE           	0720	0000	46

gpio.c estimated size: 132

main.c
		_main          		CODE           	00E2	0000	896

main.c estimated size: 896

